{
  "ctx": {
    "date": [
      1,
      0,
      0
    ],
    "mood": "NORMAL",
    "scenario": "Make a new track!!  ～クライマックス開幕～",
    "vitality": 1.0,
    "maxVitality": 100,
    "speed": 141,
    "stamina": 89,
    "power": 199,
    "guts": 183,
    "wisdom": 167,
    "fanCount": 0,
    "turf": "",
    "dart": "",
    "sprint": "",
    "mile": "",
    "intermediate": "",
    "long": "",
    "last": "",
    "middle": "",
    "head": "",
    "lead": "",
    "conditions": [],
    "gradePoint": 0,
    "shopCoin": 0
  },
  "scene": {
    "hasHealthCare": false,
    "hasScheduledRace": false,
    "canGoOutWithFriend": false,
    "hasShop": false,
    "hasKnowledgeTable": false,
    "hasLearnWisdom": false,
    "hasLesson": false
  }
}