{
  "ctx": {
    "date": [
      1,
      0,
      0
    ],
    "mood": "NORMAL",
    "scenario": "走れ！メカウマ娘",
    "vitality": 1.0,
    "maxVitality": 100,
    "speed": 180,
    "stamina": 175,
    "power": 83,
    "guts": 98,
    "wisdom": 110,
    "fanCount": 0,
    "turf": "",
    "dart": "",
    "sprint": "",
    "mile": "",
    "intermediate": "",
    "long": "",
    "last": "",
    "middle": "",
    "head": "",
    "lead": "",
    "conditions": []
  },
  "scene": {
    "hasHealthCare": false,
    "hasScheduledRace": false,
    "canGoOutWithFriend": false,
    "hasShop": false,
    "hasKnowledgeTable": false,
    "hasLearnWisdom": false,
    "hasLesson": false,
    "hasOverdrive": false
  }
}