{
  "ctx": {
    "date": [
      1,
      0,
      0
    ],
    "mood": "VERY_GOOD",
    "scenario": "U.A.F. Ready GO! ～アスリートのキラメキ～",
    "vitality": 0.6847826086956521,
    "maxVitality": 100,
    "speed": 217,
    "stamina": 101,
    "power": 171,
    "guts": 119,
    "wisdom": 140,
    "fanCount": 0,
    "turf": "",
    "dart": "",
    "sprint": "",
    "mile": "",
    "intermediate": "",
    "long": "",
    "last": "",
    "middle": "",
    "head": "",
    "lead": "",
    "conditions": []
  },
  "scene": {
    "hasHealthCare": false,
    "hasScheduledRace": false,
    "canGoOutWithFriend": false,
    "hasShop": false,
    "hasKnowledgeTable": false,
    "hasLearnWisdom": false,
    "hasLesson": false
  }
}