{
  "ctx": {
    "date": [
      1,
      8,
      2
    ],
    "mood": "VERY_GOOD",
    "scenario": "U.A.F. Ready GO! ～アスリートのキラメキ～",
    "vitality": 0.6739130434782609,
    "maxVitality": 100,
    "speed": 352,
    "stamina": 195,
    "power": 257,
    "guts": 205,
    "wisdom": 281,
    "fanCount": 0,
    "turf": "",
    "dart": "",
    "sprint": "",
    "mile": "",
    "intermediate": "",
    "long": "",
    "last": "",
    "middle": "",
    "head": "",
    "lead": "",
    "conditions": []
  },
  "scene": {
    "hasHealthCare": false,
    "hasScheduledRace": false,
    "canGoOutWithFriend": true,
    "hasShop": false,
    "hasKnowledgeTable": false,
    "hasLearnWisdom": false,
    "hasLesson": false
  }
}