{
  "ctx": {
    "date": [
      1,
      0,
      0
    ],
    "mood": "NORMAL",
    "scenario": "U.A.F. Ready GO! ～アスリートのキラメキ～",
    "vitality": 1.0,
    "maxVitality": 100,
    "speed": 191,
    "stamina": 100,
    "power": 164,
    "guts": 103,
    "wisdom": 138,
    "fanCount": 0,
    "turf": "",
    "dart": "",
    "sprint": "",
    "mile": "",
    "intermediate": "",
    "long": "",
    "last": "",
    "middle": "",
    "head": "",
    "lead": "",
    "conditions": []
  },
  "scene": {
    "hasHealthCare": false,
    "hasScheduledRace": false,
    "canGoOutWithFriend": false,
    "hasShop": false,
    "hasKnowledgeTable": false,
    "hasLearnWisdom": false,
    "hasLesson": false
  }
}