{
  "ctx": {
    "date": [
      3,
      1,
      2
    ],
    "mood": "VERY_GOOD",
    "scenario": "U.A.F. Ready GO! ～アスリートのキラメキ～",
    "vitality": 1.0,
    "maxVitality": 100,
    "speed": 929,
    "stamina": 318,
    "power": 502,
    "guts": 420,
    "wisdom": 444,
    "fanCount": 0,
    "turf": "",
    "dart": "",
    "sprint": "",
    "mile": "",
    "intermediate": "",
    "long": "",
    "last": "",
    "middle": "",
    "head": "",
    "lead": "",
    "conditions": []
  },
  "scene": {
    "hasHealthCare": false,
    "hasScheduledRace": false,
    "canGoOutWithFriend": false,
    "hasShop": false,
    "hasKnowledgeTable": false,
    "hasLearnWisdom": false,
    "hasLesson": false
  }
}