{
  "スピードトレーニング嘆願書": {
    "exchange": 0,
    "expectedExchange": 91.0,
    "shouldUseDirectly": true
  },
  "スタミナトレーニング嘆願書": {
    "exchange": 0,
    "expectedExchange": 91.0,
    "shouldUseDirectly": true
  },
  "パワートレーニング嘆願書": {
    "exchange": 0,
    "expectedExchange": 91.0,
    "shouldUseDirectly": true
  },
  "根性トレーニング嘆願書": {
    "exchange": 0,
    "expectedExchange": 91.0,
    "shouldUseDirectly": true
  },
  "賢さトレーニング嘆願書": {
    "exchange": 0,
    "expectedExchange": 91.0,
    "shouldUseDirectly": true
  }
}