{
  "options": [
    "Option<name=玉座に集いし者たち,type=SUPPORT,event=4/5,pos=(118, 456)>"
  ]
}