{
  "options": [
    "Option<name=,type=SUPPORT,event=4/5,pos=(118, 347)>"
  ]
}