{
  "options": [
    "Option<name=,type=SUPPORT,event=3/5,pos=(118, 456)>"
  ]
}