{
  "options": [
    "Option<name=トク内イデイ1ー,type=SUPPORT,event=4/5,pos=(118, 239)>",
    "Option<name=ッフ/トマ/にフ3シ,type=SUPPORT,event=4/5,pos=(118, 347)>",
    "Option<name=シシ中1/ルトルフ,type=SUPPORT,event=4/5,pos=(118, 130)>"
  ]
}