{
  "options": [
    "Option<name=樫本理子,type=SUPPORT,event=0/5,pos=(118, 328)>",
    "Option<name=玉座に集いし者たち,type=GROUP,event=0/4,pos=(118, 545)>",
    "Option<name=ライトハロー,type=SUPPORT,event=0/5,pos=(118, 437)>"
  ]
}