[
  [
    [
      24,
      272
    ]
  ],
  [
    [
      24,
      339
    ]
  ],
  [
    [
      23,
      409
    ]
  ],
  [
    [
      23,
      478
    ],
    [
      23,
      547
    ]
  ],
  [
    [
      23,
      547
    ],
    [
      23,
      478
    ]
  ]
]