Training<gut=13 spd=8 pow=6 ski=2 vit=-28.0% fail=0% lv=5 ptn=spd@5>