Training<spd=100 pow=54 ski=52 vit=-25.0% fail=12% lv=4 ptn=grp@5,oth@5>