TrainingType.SS_MATCH<sta=16 ski=10 gut=6 spd=2 pow=2 wis=2 vit=0.0% fail=0% lv=0>