TrainingType.SPEED<spd=36 pow=18 ski=4 vit=-27.0% fail=0% lv=5 ptn=spd@5,spd@5>