TrainingType.SPEED<spd=22 pow=9 ski=3 vit=-27.0% fail=0% lv=5>