Training<pow=14 sta=7 ski=5 vit=-20.0% fail=36% lv=1 ptn=spd@3^(17%),tm^(16%),grp^(16%)>