TrainingType.FREE_GUTS<gut=38 ski=30 +lv=8 wis=7 pow=6 spd=4 sta=4 vit=0.0% fail=11% lv=51 ptn=wis@5,wis@5>