Training<vit=-21.0% fail=17% lv=1 ptn=spd@2,spd@2>