TrainingType.FIGHT_GUTS<ski=18 gut=16 +lv=7 spd=6 pow=3 vit=0.0% fail=32% lv=28 ptn=spd@5>