[
  [
    "Race<Debut ジュニア級メイクデビュー#0001-0017>",
    [
      203,
      600
    ]
  ]
]