[
  [
    "Race<G2 富士ステークス#0001-00f3>",
    [
      203,
      675
    ]
  ]
]