[
  [
    "Race<G1 天皇賞（春）#0001-015b>",
    [
      203,
      586
    ]
  ]
]