[
  [
    "Race<Not-Winning ジュニア級未勝利戦#0001-0025>",
    [
      203,
      600
    ]
  ],
  [
    "Race<Not-Winning ジュニア級未勝利戦#0001-0025>",
    [
      203,
      715
    ]
  ]
]